Drill report for panel.kicad_pcb
Created on 2025-07-06T14:29:11+0300

Copper Layer Stackup:
    =============================================================
    L1 :  F.Cu                      front
    L2 :  B.Cu                      back


Drill file 'panel-PTH.drl' contains
    plated through holes:
    =============================================================
    T1  0.300mm  0.0118"  (74 holes)
    T2  0.400mm  0.0157"  (9 holes)
    T3  0.500mm  0.0197"  (2 holes)
    T4  0.600mm  0.0236"  (4 holes)  (with 4 slots)
    T5  0.650mm  0.0256"  (14 holes)
    T6  0.750mm  0.0295"  (20 holes)
    T7  0.800mm  0.0315"  (6 holes)
    T8  0.950mm  0.0374"  (4 holes)
    T9  1.020mm  0.0402"  (4 holes)
    T10  1.900mm  0.0748"  (2 holes)
    T11  3.200mm  0.1260"  (2 holes)  (with 1 slot)

    Total plated holes count 141


Drill file 'panel-NPTH.drl' contains
    unplated through holes:
    =============================================================
    T1  0.650mm  0.0256"  (2 holes)
    T2  1.500mm  0.0591"  (4 holes)
    T3  3.000mm  0.1181"  (2 holes)

    Total unplated holes count 8
